C:\Users\OT-Connor.Seymour\Desktop\BatteryControl\Logical\Global.typ
C:\Users\OT-Connor.Seymour\Desktop\BatteryControl\Logical\Global.var
C:\Users\OT-Connor.Seymour\Desktop\BatteryControl\Logical\Libraries\operator\operator.fun
C:\Users\OT-Connor.Seymour\Desktop\BatteryControl\Logical\Libraries\operator\operator.typ
C:\Users\OT-Connor.Seymour\Desktop\BatteryControl\Logical\Libraries\operator\operator.var
C:\Users\OT-Connor.Seymour\Desktop\BatteryControl\Logical\Libraries\runtime\runtime.fun
C:\Users\OT-Connor.Seymour\Desktop\BatteryControl\Logical\Libraries\runtime\runtime.typ
C:\Users\OT-Connor.Seymour\Desktop\BatteryControl\Logical\Libraries\runtime\runtime.var
C:\Users\OT-Connor.Seymour\Desktop\BatteryControl\Logical\Libraries\astime\astime.fun
C:\Users\OT-Connor.Seymour\Desktop\BatteryControl\Logical\Libraries\astime\astime.typ
C:\Users\OT-Connor.Seymour\Desktop\BatteryControl\Logical\Libraries\astime\astime.var
C:\Users\OT-Connor.Seymour\Desktop\BatteryControl\Logical\Libraries\AsIecCon\AsIecCon.fun
C:\Users\OT-Connor.Seymour\Desktop\BatteryControl\Logical\Libraries\AsIecCon\AsIecCon.typ
C:\Users\OT-Connor.Seymour\Desktop\BatteryControl\Logical\Libraries\AsIecCon\AsIecCon.var
C:\Users\OT-Connor.Seymour\Desktop\BatteryControl\Logical\Libraries\standard\standard.fun
C:\Users\OT-Connor.Seymour\Desktop\BatteryControl\Logical\Libraries\standard\standard.typ
C:\Users\OT-Connor.Seymour\Desktop\BatteryControl\Logical\Libraries\standard\standard.var
C:\Users\OT-Connor.Seymour\Desktop\BatteryControl\Logical\Libraries\MTLookUp\MTLookUp.fun
C:\Users\OT-Connor.Seymour\Desktop\BatteryControl\Logical\Libraries\MTLookUp\MTLookUp.typ
C:\Users\OT-Connor.Seymour\Desktop\BatteryControl\Logical\Libraries\MTLookUp\MTLookUp.var
C:\Users\OT-Connor.Seymour\Desktop\BatteryControl\Logical\Libraries\sys_lib\sys_lib.fun
C:\Users\OT-Connor.Seymour\Desktop\BatteryControl\Logical\Libraries\sys_lib\sys_lib.typ
C:\Users\OT-Connor.Seymour\Desktop\BatteryControl\Logical\Libraries\sys_lib\sys_lib.var
C:\Users\OT-Connor.Seymour\Desktop\BatteryControl\Logical\Libraries\brsystem\brsystem.fun
C:\Users\OT-Connor.Seymour\Desktop\BatteryControl\Logical\Libraries\brsystem\brsystem.typ
C:\Users\OT-Connor.Seymour\Desktop\BatteryControl\Logical\Libraries\brsystem\brsystem.var
C:\Users\OT-Connor.Seymour\Desktop\BatteryControl\Logical\Libraries\MTFilter\MTFilter.fun
C:\Users\OT-Connor.Seymour\Desktop\BatteryControl\Logical\Libraries\MTFilter\MTFilter.typ
C:\Users\OT-Connor.Seymour\Desktop\BatteryControl\Logical\Libraries\MTFilter\MTFilter.var
C:\Users\OT-Connor.Seymour\Desktop\BatteryControl\Logical\Libraries\MTTypes\MTTypes.fun
C:\Users\OT-Connor.Seymour\Desktop\BatteryControl\Logical\Libraries\MTTypes\MTTypes.typ
C:\Users\OT-Connor.Seymour\Desktop\BatteryControl\Logical\Libraries\MTTypes\MTTypes.var
C:\Users\OT-Connor.Seymour\Desktop\BatteryControl\Logical\Libraries\AsBrMath\AsBrMath.fun
C:\Users\OT-Connor.Seymour\Desktop\BatteryControl\Logical\Libraries\AsBrMath\AsBrMath.typ
C:\Users\OT-Connor.Seymour\Desktop\BatteryControl\Logical\Libraries\AsBrMath\AsBrMath.var
C:\Users\OT-Connor.Seymour\Desktop\BatteryControl\Logical\Libraries\LoopCont\LoopCont.var
C:\Users\OT-Connor.Seymour\Desktop\BatteryControl\Logical\Libraries\LoopCont\LoopCont.typ
C:\Users\OT-Connor.Seymour\Desktop\BatteryControl\Logical\Libraries\LoopCont\LoopCont.fun
